#-----------------------------------------------------------
# Vivado v2018.3 (64-bit)
# SW Build 2405991 on Thu Dec  6 23:38:27 MST 2018
# IP Build 2404404 on Fri Dec  7 01:43:56 MST 2018
# Start of session at: Tue Apr 12 21:43:20 2022
# Process ID: 8744
# Current directory: E:/UofTCourse/ECE532/project/milestones/fpga1_axi_mb_integration/fpga1_top_tb/proj3/proj_p3.runs/design_1_fpga1_top_slv_0_0_synth_1
# Command line: vivado.exe -log design_1_fpga1_top_slv_0_0.vds -product Vivado -mode batch -messageDb vivado.pb -notrace -source design_1_fpga1_top_slv_0_0.tcl
# Log file: E:/UofTCourse/ECE532/project/milestones/fpga1_axi_mb_integration/fpga1_top_tb/proj3/proj_p3.runs/design_1_fpga1_top_slv_0_0_synth_1/design_1_fpga1_top_slv_0_0.vds
# Journal file: E:/UofTCourse/ECE532/project/milestones/fpga1_axi_mb_integration/fpga1_top_tb/proj3/proj_p3.runs/design_1_fpga1_top_slv_0_0_synth_1\vivado.jou
#-----------------------------------------------------------
source design_1_fpga1_top_slv_0_0.tcl -notrace
